<?xml version="1.0" encoding="utf-8"?><testsuites name="pytest tests"><testsuite name="pytest" errors="0" failures="0" skipped="0" tests="395" time="1.596" timestamp="2026-09-27T20:11:27.977782+03:00" hostname="1531704066a9"><testcase classname="tests.test_agent_router" name="test_detects_callers_intent" time="0.000" /><testcase classname="tests.test_agent_router" name="test_detects_callees_intent" time="0.000" /><testcase classname="tests.test_agent_router" name="test_detects_documentation_intent" time="0.000" /><testcase classname="tests.test_agent_router" name="test_detects_implementation_intent" time="0.000" /><testcase classname="tests.test_agent_router" name="test_extracts_private_symbol" time="0.000" /><testcase classname="tests.test_agent_router" name="test_extracts_dotted_symbol" time="0.001" /><testcase classname="tests.test_agent_tools" name="test_resolves_exact_short_name" time="0.000" /><testcase classname="tests.test_agent_tools" name="test_resolves_qualified_name" time="0.000" /><testcase classname="tests.test_agent_tools" name="test_ambiguous_short_name_returns_none" time="0.000" /><testcase classname="tests.test_agent_tools" name="test_unknown_symbol_returns_none" time="0.000" /><testcase classname="tests.test_agent_tools" name="test_retrieve_evidence_uses_assembler" time="0.000" /><testcase classname="tests.test_answer_contract" name="test_system_prompt_requires_citations" time="0.000" /><testcase classname="tests.test_answer_contract" name="test_system_prompt_requests_concise_answers" time="0.000" /><testcase classname="tests.test_answer_contract" name="test_repair_prompt_marks_previous_answer_rejected" time="0.000" /><testcase classname="tests.test_answer_generator" name="test_valid_citation_is_resolved" time="0.000" /><testcase classname="tests.test_answer_generator" name="test_invalid_citation_detected" time="0.000" /><testcase classname="tests.test_answer_generator" name="test_duplicate_citations_deduplicated" time="0.000" /><testcase classname="tests.test_answer_generator" name="test_model_name_preserved" time="0.000" /><testcase classname="tests.test_api_app" name="test_create_app_returns_repobrain_metadata" time="0.008" /><testcase classname="tests.test_api_app" name="test_root_endpoint_serves_dashboard_html" time="0.011" /><testcase classname="tests.test_api_app" name="test_application_and_transport_are_attached_to_app_state" time="0.007" /><testcase classname="tests.test_api_app" name="test_shutdown_closes_application_resources_once" time="0.009" /><testcase classname="tests.test_api_app" name="test_openapi_document_is_generated" time="0.044" /><testcase classname="tests.test_api_dashboard" name="test_root_serves_dashboard_html" time="0.009" /><testcase classname="tests.test_api_dashboard" name="test_dashboard_keeps_machine_endpoints_available" time="0.011" /><testcase classname="tests.test_api_dashboard" name="test_root_ui_is_not_added_to_openapi_schema" time="0.043" /><testcase classname="tests.test_api_health_diagnostics" name="test_root_reports_11_2_dashboard" time="0.011" /><testcase classname="tests.test_api_health_diagnostics" name="test_health_endpoint_returns_typed_health_snapshot" time="0.015" /><testcase classname="tests.test_api_health_diagnostics" name="test_diagnostics_endpoint_returns_application_snapshot" time="0.010" /><testcase classname="tests.test_api_health_diagnostics" name="test_health_and_diagnostics_are_present_in_openapi" time="0.045" /><testcase classname="tests.test_api_health_diagnostics" name="test_health_does_not_close_application_until_shutdown" time="0.013" /><testcase classname="tests.test_api_repository_chat" name="test_repository_open_endpoint" time="0.093" /><testcase classname="tests.test_api_repository_chat" name="test_session_create_endpoint" time="0.014" /><testcase classname="tests.test_api_repository_chat" name="test_query_ask_endpoint" time="0.013" /><testcase classname="tests.test_api_repository_chat" name="test_session_state_clear_and_new_endpoints" time="0.015" /><testcase classname="tests.test_api_repository_chat" name="test_repository_close_endpoint" time="0.015" /><testcase classname="tests.test_api_repository_chat" name="test_dashboard_contains_repository_and_chat_controls" time="0.010" /><testcase classname="tests.test_api_repository_chat" name="test_new_endpoints_are_visible_in_openapi" time="0.049" /><testcase classname="tests.test_application_diagnostics" name="test_health_is_ready_with_no_loaded_repository" time="0.002" /><testcase classname="tests.test_application_diagnostics" name="test_health_counts_loaded_repository_and_session" time="0.002" /><testcase classname="tests.test_application_diagnostics" name="test_repository_diagnostics_exposes_build_metadata" time="0.001" /><testcase classname="tests.test_application_diagnostics" name="test_repository_diagnostics_returns_none_when_not_loaded" time="0.000" /><testcase classname="tests.test_application_diagnostics" name="test_session_diagnostics_reports_current_runtime" time="0.001" /><testcase classname="tests.test_application_diagnostics" name="test_session_diagnostics_detects_rebuilt_runtime" time="0.001" /><testcase classname="tests.test_application_diagnostics" name="test_full_diagnostics_contains_repository_and_sessions" time="0.001" /><testcase classname="tests.test_application_diagnostics" name="test_runtime_without_extended_diagnostics_is_supported" time="0.001" /><testcase classname="tests.test_application_end_to_end" name="test_phase10_end_to_end_repository_session_query_flow" time="0.001" /><testcase classname="tests.test_application_end_to_end" name="test_phase10_end_to_end_runtime_reuse" time="0.001" /><testcase classname="tests.test_application_end_to_end" name="test_phase10_end_to_end_changed_repository_invalidates_old_session" time="0.001" /><testcase classname="tests.test_application_end_to_end" name="test_phase10_end_to_end_new_session_after_rebuild_is_valid" time="0.001" /><testcase classname="tests.test_application_end_to_end" name="test_phase10_end_to_end_clear_and_new_conversation_semantics" time="0.001" /><testcase classname="tests.test_application_end_to_end" name="test_phase10_end_to_end_close_repository_cleans_runtime_and_sessions" time="0.001" /><testcase classname="tests.test_application_service" name="test_open_repository_reuses_current_runtime" time="0.001" /><testcase classname="tests.test_application_service" name="test_create_session_opens_repository" time="0.001" /><testcase classname="tests.test_application_service" name="test_two_sessions_are_independent" time="0.001" /><testcase classname="tests.test_application_service" name="test_get_state_returns_phase9_state" time="0.001" /><testcase classname="tests.test_application_service" name="test_clear_session_preserves_conversation_id" time="0.001" /><testcase classname="tests.test_application_service" name="test_new_conversation_preserves_session_id" time="0.001" /><testcase classname="tests.test_application_service" name="test_delete_session" time="0.001" /><testcase classname="tests.test_application_service" name="test_close_repository_deletes_its_sessions" time="0.001" /><testcase classname="tests.test_application_service" name="test_changed_repository_makes_old_session_stale" time="0.001" /><testcase classname="tests.test_application_service" name="test_empty_query_is_rejected_before_routing" time="0.001" /><testcase classname="tests.test_application_service" name="test_repository_and_session_snapshots" time="0.001" /><testcase classname="tests.test_application_service" name="test_close_all_clears_everything" time="0.001" /><testcase classname="tests.test_application_transport" name="test_open_repository_returns_transport_safe_model" time="0.000" /><testcase classname="tests.test_application_transport" name="test_create_session_returns_snapshot" time="0.000" /><testcase classname="tests.test_application_transport" name="test_ask_serializes_grounded_turn" time="0.000" /><testcase classname="tests.test_application_transport" name="test_get_state_returns_transport_state" time="0.000" /><testcase classname="tests.test_application_transport" name="test_delete_session_returns_response_model" time="0.000" /><testcase classname="tests.test_application_transport" name="test_close_repository_returns_response_model" time="0.000" /><testcase classname="tests.test_application_transport" name="test_health_and_diagnostics_are_direct_typed_contracts" time="0.000" /><testcase classname="tests.test_application_transport" name="test_session_diagnostics_is_transport_safe" time="0.000" /><testcase classname="tests.test_application_transport" name="test_invalid_request_becomes_stable_error_response" time="0.000" /><testcase classname="tests.test_application_transport" name="test_internal_failure_becomes_retryable_error" time="0.000" /><testcase classname="tests.test_application_transport" name="test_transport_models_serialize_to_json_compatible_data" time="0.000" /><testcase classname="tests.test_citation_repair" name="test_no_retry_when_first_answer_has_valid_citation" time="0.000" /><testcase classname="tests.test_citation_repair" name="test_retry_occurs_when_first_answer_has_no_citations" time="0.000" /><testcase classname="tests.test_citation_repair" name="test_retry_happens_only_once" time="0.000" /><testcase classname="tests.test_citation_repair" name="test_invalid_first_citation_can_be_repaired" time="0.000" /><testcase classname="tests.test_citation_repair" name="test_failed_repair_preserves_not_grounded_status" time="0.000" /><testcase classname="tests.test_citation_repair" name="test_mixed_valid_and_invalid_citations_trigger_repair" time="0.000" /><testcase classname="tests.test_conversation_session_manager" name="test_create_session_returns_unique_ids" time="0.001" /><testcase classname="tests.test_conversation_session_manager" name="test_sessions_have_independent_conversation_ids" time="0.001" /><testcase classname="tests.test_conversation_session_manager" name="test_get_returns_same_conversation_object" time="0.001" /><testcase classname="tests.test_conversation_session_manager" name="test_unknown_session_is_rejected" time="0.000" /><testcase classname="tests.test_conversation_session_manager" name="test_empty_session_id_is_rejected" time="0.000" /><testcase classname="tests.test_conversation_session_manager" name="test_session_runtime_mismatch_is_rejected" time="0.001" /><testcase classname="tests.test_conversation_session_manager" name="test_delete_session" time="0.001" /><testcase classname="tests.test_conversation_session_manager" name="test_clear_all_sessions" time="0.001" /><testcase classname="tests.test_conversation_session_manager" name="test_clear_only_sessions_for_one_runtime" time="0.001" /><testcase classname="tests.test_conversation_session_manager" name="test_new_conversation_preserves_session_id" time="0.001" /><testcase classname="tests.test_conversation_session_manager" name="test_clear_context_preserves_conversation_id" time="0.001" /><testcase classname="tests.test_conversation_session_manager" name="test_snapshots_are_sorted_by_session_id" time="0.001" /><testcase classname="tests.test_conversation_session_manager" name="test_snapshot_contains_runtime_identity" time="0.001" /><testcase classname="tests.test_deterministic_graph_answering" name="test_callers_bypass_llm" time="0.000" /><testcase classname="tests.test_deterministic_graph_answering" name="test_callees_bypass_llm" time="0.000" /><testcase classname="tests.test_deterministic_graph_answering" name="test_every_graph_fact_becomes_citation" time="0.000" /><testcase classname="tests.test_deterministic_graph_answering" name="test_graph_answer_has_no_invalid_citations" time="0.000" /><testcase classname="tests.test_deterministic_graph_answering" name="test_empty_callees_is_deterministic" time="0.000" /><testcase classname="tests.test_deterministic_graph_answering" name="test_empty_callers_is_deterministic" time="0.000" /><testcase classname="tests.test_embedding_config" name="test_default_embedding_model_is_code_specialized" time="0.000" /><testcase classname="tests.test_embedding_config" name="test_fallback_embedding_model_is_available" time="0.000" /><testcase classname="tests.test_embedding_config" name="test_code_search_query_prefix" time="0.000" /><testcase classname="tests.test_evidence_assembler" name="test_assembler_recovers_chunk_source" time="0.000" /><testcase classname="tests.test_evidence_assembler" name="test_symbol_id_used_to_find_chunk" time="0.000" /><testcase classname="tests.test_evidence_assembler" name="test_duplicate_symbol_removed" time="0.000" /><testcase classname="tests.test_evidence_assembler" name="test_overlapping_source_removed" time="0.000" /><testcase classname="tests.test_evidence_assembler" name="test_non_overlapping_source_kept" time="0.000" /><testcase classname="tests.test_evidence_assembler" name="test_test_file_classification" time="0.000" /><testcase classname="tests.test_evidence_assembler" name="test_documentation_classification" time="0.000" /><testcase classname="tests.test_evidence_assembler" name="test_empty_query_rejected" time="0.000" /><testcase classname="tests.test_evidence_budgeting" name="test_token_estimate" time="0.000" /><testcase classname="tests.test_evidence_budgeting" name="test_empty_text_zero_tokens" time="0.000" /><testcase classname="tests.test_evidence_budgeting" name="test_item_limit" time="0.000" /><testcase classname="tests.test_evidence_budgeting" name="test_character_limit" time="0.000" /><testcase classname="tests.test_evidence_budgeting" name="test_budget_preserves_order" time="0.000" /><testcase classname="tests.test_evidence_budgeting" name="test_invalid_budget_rejected" time="0.000" /><testcase classname="tests.test_followup_resolver" name="test_query_without_reference_passes_through" time="0.000" /><testcase classname="tests.test_followup_resolver" name="test_it_resolves_to_current_focus" time="0.000" /><testcase classname="tests.test_followup_resolver" name="test_that_resolves_to_current_focus" time="0.000" /><testcase classname="tests.test_followup_resolver" name="test_this_function_resolves_as_single_reference" time="0.000" /><testcase classname="tests.test_followup_resolver" name="test_that_method_resolves_as_single_reference" time="0.000" /><testcase classname="tests.test_followup_resolver" name="test_same_function_resolves_to_current_focus" time="0.000" /><testcase classname="tests.test_followup_resolver" name="test_previous_function_resolves_to_previous_focus" time="0.000" /><testcase classname="tests.test_followup_resolver" name="test_current_reference_without_focus_is_unresolved" time="0.000" /><testcase classname="tests.test_followup_resolver" name="test_previous_reference_without_previous_focus_is_unresolved" time="0.000" /><testcase classname="tests.test_followup_resolver" name="test_caller_reference_resolves_from_caller_focus" time="0.000" /><testcase classname="tests.test_followup_resolver" name="test_that_caller_resolves_from_caller_focus" time="0.000" /><testcase classname="tests.test_followup_resolver" name="test_caller_possessive_resolves_cleanly" time="0.000" /><testcase classname="tests.test_followup_resolver" name="test_callee_reference_resolves_from_callee_focus" time="0.000" /><testcase classname="tests.test_followup_resolver" name="test_caller_reference_without_relationship_focus_is_unresolved" time="0.000" /><testcase classname="tests.test_followup_resolver" name="test_caller_reference_does_not_use_callee_focus" time="0.000" /><testcase classname="tests.test_followup_resolver" name="test_callee_reference_does_not_use_caller_focus" time="0.000" /><testcase classname="tests.test_followup_resolver" name="test_resolution_is_case_insensitive" time="0.000" /><testcase classname="tests.test_followup_resolver" name="test_whitespace_is_normalized" time="0.000" /><testcase classname="tests.test_followup_resolver" name="test_empty_query_is_rejected" time="0.000" /><testcase classname="tests.test_followup_resolver" name="test_this_project_is_not_treated_as_followup" time="0.000" /><testcase classname="tests.test_followup_resolver" name="test_this_repository_is_not_treated_as_followup" time="0.000" /><testcase classname="tests.test_followup_resolver" name="test_bare_that_before_defined_is_followup" time="0.000" /><testcase classname="tests.test_followup_resolver" name="test_bare_this_at_sentence_end_is_followup" time="0.000" /><testcase classname="tests.test_graph_expansion" name="test_graph_expansion_finds_neighbor" time="0.000" /><testcase classname="tests.test_graph_expansion" name="test_graph_expansion_respects_depth" time="0.000" /><testcase classname="tests.test_graph_expansion" name="test_zero_depth_returns_empty" time="0.000" /><testcase classname="tests.test_grounding_hardening" name="test_graph_fact_receives_g_citation" time="0.000" /><testcase classname="tests.test_grounding_hardening" name="test_valid_graph_citation_is_resolved" time="0.000" /><testcase classname="tests.test_grounding_hardening" name="test_invalid_graph_citation_is_rejected" time="0.000" /><testcase classname="tests.test_grounding_hardening" name="test_zero_citation_repository_answer_is_not_grounded" time="0.000" /><testcase classname="tests.test_grounding_hardening" name="test_valid_source_citation_remains_grounded" time="0.000" /><testcase classname="tests.test_grounding_hardening" name="test_duplicate_graph_citations_are_deduplicated" time="0.000" /><testcase classname="tests.test_grounding_hardening" name="test_documentation_intent_prefers_documentation" time="0.000" /><testcase classname="tests.test_grounding_hardening" name="test_implementation_intent_removes_test_noise_when_production_exists" time="0.000" /><testcase classname="tests.test_grounding_hardening" name="test_mixed_source_and_graph_citations_are_supported" time="0.000" /><testcase classname="tests.test_grounding_hardening" name="test_documentation_intent_puts_readme_before_config" time="0.000" /><testcase classname="tests.test_grounding_hardening" name="test_documentation_intent_prefers_readme_over_other_docs" time="0.000" /><testcase classname="tests.test_hybrid_fusion" name="test_rrf_returns_empty_for_zero_top_k" time="0.000" /><testcase classname="tests.test_hybrid_fusion" name="test_single_channel_result" time="0.000" /><testcase classname="tests.test_hybrid_fusion" name="test_same_symbol_is_deduplicated" time="0.000" /><testcase classname="tests.test_hybrid_fusion" name="test_agreement_increases_fused_score" time="0.000" /><testcase classname="tests.test_hybrid_fusion" name="test_raw_scores_are_preserved_as_evidence" time="0.000" /><testcase classname="tests.test_hybrid_fusion" name="test_semantic_ranking_score_is_used_as_raw_evidence" time="0.000" /><testcase classname="tests.test_hybrid_fusion" name="test_graph_evidence_merges_with_existing_symbol" time="0.000" /><testcase classname="tests.test_hybrid_fusion" name="test_graph_distance_reduces_contribution" time="0.000" /><testcase classname="tests.test_hybrid_fusion" name="test_results_sorted_by_fused_score" time="0.000" /><testcase classname="tests.test_hybrid_fusion" name="test_chunk_identity_used_when_symbol_missing" time="0.000" /><testcase classname="tests.test_investigation_state" name="test_new_investigation_state_is_empty" time="0.000" /><testcase classname="tests.test_investigation_state" name="test_record_turn_sets_initial_focus" time="0.000" /><testcase classname="tests.test_investigation_state" name="test_relationship_focus_can_be_recorded" time="0.000" /><testcase classname="tests.test_investigation_state" name="test_relationship_focus_can_be_cleared" time="0.000" /><testcase classname="tests.test_investigation_state" name="test_grounding_update_preserves_relationship_focus" time="0.000" /><testcase classname="tests.test_investigation_state" name="test_new_focus_moves_old_focus_to_previous" time="0.000" /><testcase classname="tests.test_investigation_state" name="test_turn_without_new_focus_retains_current_focus" time="0.000" /><testcase classname="tests.test_investigation_state" name="test_history_is_bounded" time="0.000" /><testcase classname="tests.test_investigation_state" name="test_clear_context_preserves_conversation_id" time="0.000" /><testcase classname="tests.test_investigation_state" name="test_new_conversation_changes_conversation_id" time="0.000" /><testcase classname="tests.test_investigation_state" name="test_history_helpers" time="0.000" /><testcase classname="tests.test_investigation_state" name="test_empty_query_is_rejected" time="0.000" /><testcase classname="tests.test_investigation_state" name="test_invalid_history_limit_is_rejected" time="0.000" /><testcase classname="tests.test_knowledge_graph" name="test_graph_creates_nodes" time="0.000" /><testcase classname="tests.test_knowledge_graph" name="test_graph_creates_resolved_edge" time="0.000" /><testcase classname="tests.test_knowledge_graph" name="test_unresolved_relationship_not_added_as_edge" time="0.000" /><testcase classname="tests.test_knowledge_graph" name="test_callees" time="0.000" /><testcase classname="tests.test_knowledge_graph" name="test_callers" time="0.000" /><testcase classname="tests.test_knowledge_graph" name="test_parents" time="0.000" /><testcase classname="tests.test_knowledge_graph" name="test_children" time="0.000" /><testcase classname="tests.test_knowledge_graph" name="test_defined_symbols" time="0.000" /><testcase classname="tests.test_knowledge_graph" name="test_neighbors_returns_direction" time="0.000" /><testcase classname="tests.test_knowledge_graph" name="test_neighbors_can_filter_relationship_type" time="0.000" /><testcase classname="tests.test_knowledge_graph" name="test_traverse_depth_zero" time="0.000" /><testcase classname="tests.test_knowledge_graph" name="test_traverse_multiple_hops" time="0.000" /><testcase classname="tests.test_knowledge_graph" name="test_traverse_handles_cycles" time="0.000" /><testcase classname="tests.test_knowledge_graph" name="test_unknown_symbol_returns_empty_traversal" time="0.000" /><testcase classname="tests.test_lexical_search" name="test_tokenizer_keeps_identifier" time="0.000" /><testcase classname="tests.test_lexical_search" name="test_tokenizer_splits_snake_case" time="0.000" /><testcase classname="tests.test_lexical_search" name="test_tokenizer_splits_camel_case" time="0.000" /><testcase classname="tests.test_lexical_search" name="test_exact_code_term_search" time="0.000" /><testcase classname="tests.test_lexical_search" name="test_multi_term_search" time="0.000" /><testcase classname="tests.test_lexical_search" name="test_searches_qualified_name" time="0.000" /><testcase classname="tests.test_lexical_search" name="test_searches_source_text" time="0.000" /><testcase classname="tests.test_lexical_search" name="test_searches_non_python_content" time="0.000" /><testcase classname="tests.test_lexical_search" name="test_language_filter" time="0.000" /><testcase classname="tests.test_lexical_search" name="test_unknown_query_returns_empty" time="0.000" /><testcase classname="tests.test_lexical_search" name="test_empty_query_returns_empty" time="0.000" /><testcase classname="tests.test_lexical_search" name="test_top_k" time="0.000" /><testcase classname="tests.test_lexical_search" name="test_zero_top_k_returns_empty" time="0.000" /><testcase classname="tests.test_lexical_search" name="test_matched_terms_are_returned" time="0.000" /><testcase classname="tests.test_lexical_search" name="test_excerpt_is_returned" time="0.000" /><testcase classname="tests.test_llm_base" name="test_fake_provider_contract" time="0.000" /><testcase classname="tests.test_orchestrator" name="test_general_query_runs_evidence_retrieval" time="0.000" /><testcase classname="tests.test_orchestrator" name="test_implementation_query_uses_evidence" time="0.000" /><testcase classname="tests.test_orchestrator" name="test_callers_query_runs_graph_first" time="0.000" /><testcase classname="tests.test_orchestrator" name="test_callees_query_runs_graph_first" time="0.000" /><testcase classname="tests.test_orchestrator" name="test_completed_status" time="0.000" /><testcase classname="tests.test_orchestrator" name="test_max_steps_is_enforced" time="0.000" /><testcase classname="tests.test_orchestrator" name="test_callers_query_resolves_symbol" time="0.000" /><testcase classname="tests.test_orchestrator" name="test_unknown_graph_symbol_falls_back_to_evidence" time="0.000" /><testcase classname="tests.test_orchestrator" name="test_evidence_query_is_preserved" time="0.000" /><testcase classname="tests.test_persistent_indexing" name="test_restart_reuses_ast_chunks_and_vectors" time="0.009" /><testcase classname="tests.test_persistent_indexing" name="test_edit_add_delete_refresh_graph_and_reuse_unchanged_ast" time="0.018" /><testcase classname="tests.test_persistent_indexing" name="test_citation_source_remains_old_version_after_edit" time="0.034" /><testcase classname="tests.test_persistent_indexing" name="test_index_job_completes_and_exposes_progress" time="0.030" /><testcase classname="tests.test_persistent_indexing" name="test_embedding_namespace_and_document_changes_invalidate_cache" time="0.002" /><testcase classname="tests.test_persistent_indexing" name="test_failed_generation_does_not_replace_current_snapshot" time="0.008" /><testcase classname="tests.test_persistent_indexing" name="test_index_directory_cannot_be_inside_repository" time="0.001" /><testcase classname="tests.test_persistent_indexing" name="test_incremental_matches_clean_rebuild" time="0.015" /><testcase classname="tests.test_persistent_indexing" name="test_source_citation_survives_transport" time="0.026" /><testcase classname="tests.test_prompt_builder" name="test_prompt_contains_question" time="0.000" /><testcase classname="tests.test_prompt_builder" name="test_prompt_contains_evidence_id" time="0.000" /><testcase classname="tests.test_prompt_builder" name="test_prompt_contains_source" time="0.000" /><testcase classname="tests.test_prompt_builder" name="test_lookup_maps_evidence" time="0.000" /><testcase classname="tests.test_python_ast" name="test_module_name_from_python_path" time="0.001" /><testcase classname="tests.test_python_ast" name="test_module_name_from_init_file" time="0.000" /><testcase classname="tests.test_python_ast" name="test_extracts_module_symbol" time="0.000" /><testcase classname="tests.test_python_ast" name="test_extracts_class" time="0.000" /><testcase classname="tests.test_python_ast" name="test_extracts_function" time="0.000" /><testcase classname="tests.test_python_ast" name="test_extracts_method" time="0.000" /><testcase classname="tests.test_python_ast" name="test_extracts_async_function" time="0.000" /><testcase classname="tests.test_python_ast" name="test_extracts_docstring" time="0.000" /><testcase classname="tests.test_python_ast" name="test_creates_defines_relationship" time="0.000" /><testcase classname="tests.test_python_ast" name="test_extracts_import" time="0.000" /><testcase classname="tests.test_python_ast" name="test_extracts_from_import" time="0.000" /><testcase classname="tests.test_python_ast" name="test_import_alias_resolves_call" time="0.000" /><testcase classname="tests.test_python_ast" name="test_extracts_call_relationship" time="0.000" /><testcase classname="tests.test_python_ast" name="test_extracts_inheritance" time="0.000" /><testcase classname="tests.test_python_ast" name="test_extracts_decorator" time="0.000" /><testcase classname="tests.test_python_ast" name="test_method_defines_relationship" time="0.000" /><testcase classname="tests.test_python_ast" name="test_symbol_ids_are_deterministic" time="0.000" /><testcase classname="tests.test_python_ast" name="test_relationship_ids_are_deterministic" time="0.000" /><testcase classname="tests.test_python_ast" name="test_invalid_python_raises_syntax_error" time="0.000" /><testcase classname="tests.test_python_ast" name="test_nested_function_is_function_not_method" time="0.000" /><testcase classname="tests.test_python_ast" name="test_relative_import" time="0.000" /><testcase classname="tests.test_repository_cache_invalidation" name="test_unchanged_repository_reuses_runtime" time="0.001" /><testcase classname="tests.test_repository_cache_invalidation" name="test_changed_repository_rebuilds_runtime" time="0.001" /><testcase classname="tests.test_repository_cache_invalidation" name="test_get_evicts_stale_runtime" time="0.001" /><testcase classname="tests.test_repository_cache_invalidation" name="test_fingerprint_aware_registry_rejects_unfingerprinted_runtime" time="0.001" /><testcase classname="tests.test_repository_cache_invalidation" name="test_runtime_snapshot_exposes_build_fingerprint" time="0.001" /><testcase classname="tests.test_repository_fingerprint" name="test_same_files_produce_same_fingerprint" time="0.001" /><testcase classname="tests.test_repository_fingerprint" name="test_content_change_changes_fingerprint" time="0.001" /><testcase classname="tests.test_repository_fingerprint" name="test_path_change_changes_fingerprint" time="0.001" /><testcase classname="tests.test_repository_fingerprint" name="test_missing_content_hash_falls_back_to_file_hash" time="0.001" /><testcase classname="tests.test_repository_fingerprint" name="test_empty_repository_snapshot_is_valid" time="0.000" /><testcase classname="tests.test_repository_runtime" name="test_runtime_normalizes_repository_root" time="0.001" /><testcase classname="tests.test_repository_runtime" name="test_runtime_starts_open" time="0.001" /><testcase classname="tests.test_repository_runtime" name="test_create_conversation_returns_fresh_state" time="0.001" /><testcase classname="tests.test_repository_runtime" name="test_runtime_snapshot_tracks_conversations" time="0.001" /><testcase classname="tests.test_repository_runtime" name="test_closed_runtime_rejects_new_conversations" time="0.001" /><testcase classname="tests.test_repository_runtime" name="test_missing_repository_is_rejected" time="0.001" /><testcase classname="tests.test_repository_runtime" name="test_repository_file_is_rejected" time="0.001" /><testcase classname="tests.test_repository_runtime_builder" name="test_builder_defaults" time="0.000" /><testcase classname="tests.test_repository_runtime_builder" name="test_invalid_builder_limits_are_rejected[max_steps-0-max_steps must be &gt;= 1]" time="0.000" /><testcase classname="tests.test_repository_runtime_builder" name="test_invalid_builder_limits_are_rejected[retrieval_top_k-0-retrieval_top_k must be &gt;= 1]" time="0.000" /><testcase classname="tests.test_repository_runtime_builder" name="test_invalid_builder_limits_are_rejected[max_evidence_items-0-max_evidence_items must be &gt;= 1]" time="0.000" /><testcase classname="tests.test_repository_runtime_builder" name="test_invalid_builder_limits_are_rejected[max_characters-0-max_characters must be &gt;= 1]" time="0.000" /><testcase classname="tests.test_repository_runtime_builder" name="test_invalid_builder_limits_are_rejected[max_graph_relations-0-max_graph_relations must be &gt;= 1]" time="0.000" /><testcase classname="tests.test_repository_runtime_builder" name="test_missing_repository_is_rejected" time="0.001" /><testcase classname="tests.test_repository_runtime_builder" name="test_repository_file_is_rejected" time="0.001" /><testcase classname="tests.test_repository_runtime_builder" name="test_progress_callback_contract" time="0.000" /><testcase classname="tests.test_repository_runtime_registry" name="test_same_repository_reuses_runtime" time="0.001" /><testcase classname="tests.test_repository_runtime_registry" name="test_different_repositories_get_different_runtimes" time="0.001" /><testcase classname="tests.test_repository_runtime_registry" name="test_get_does_not_create_runtime" time="0.001" /><testcase classname="tests.test_repository_runtime_registry" name="test_contains_reports_loaded_repository" time="0.001" /><testcase classname="tests.test_repository_runtime_registry" name="test_evict_closes_runtime" time="0.001" /><testcase classname="tests.test_repository_runtime_registry" name="test_get_or_create_rebuilds_after_eviction" time="0.001" /><testcase classname="tests.test_repository_runtime_registry" name="test_clear_closes_every_runtime" time="0.001" /><testcase classname="tests.test_repository_runtime_registry" name="test_snapshots_are_deterministic" time="0.001" /><testcase classname="tests.test_resolver" name="test_resolves_self_method" time="0.001" /><testcase classname="tests.test_resolver" name="test_resolves_cls_method" time="0.000" /><testcase classname="tests.test_resolver" name="test_resolves_same_module_function" time="0.000" /><testcase classname="tests.test_resolver" name="test_resolves_same_module_class_constructor" time="0.000" /><testcase classname="tests.test_resolver" name="test_resolves_cross_file_imported_class" time="0.000" /><testcase classname="tests.test_resolver" name="test_resolves_cross_file_imported_function" time="0.000" /><testcase classname="tests.test_resolver" name="test_resolves_imported_class_method" time="0.000" /><testcase classname="tests.test_resolver" name="test_resolves_same_module_inheritance" time="0.000" /><testcase classname="tests.test_resolver" name="test_builtin_remains_unlinked" time="0.000" /><testcase classname="tests.test_resolver" name="test_external_symbol_remains_unlinked" time="0.000" /><testcase classname="tests.test_resolver" name="test_existing_defines_relationship_is_preserved" time="0.000" /><testcase classname="tests.test_resolver" name="test_summary_reports_newly_resolved" time="0.000" /><testcase classname="tests.test_scanner" name="test_scan_returns_repository_metadata" time="0.002" /><testcase classname="tests.test_scanner" name="test_scanner_indexes_expected_files" time="0.002" /><testcase classname="tests.test_scanner" name="test_scanner_ignores_git_directory" time="0.002" /><testcase classname="tests.test_scanner" name="test_scanner_ignores_virtual_environment" time="0.002" /><testcase classname="tests.test_scanner" name="test_scanner_ignores_binary_extensions" time="0.002" /><testcase classname="tests.test_scanner" name="test_language_detection" time="0.002" /><testcase classname="tests.test_scanner" name="test_test_file_detection" time="0.002" /><testcase classname="tests.test_scanner" name="test_config_file_detection" time="0.002" /><testcase classname="tests.test_scanner" name="test_content_hash_is_created" time="0.002" /><testcase classname="tests.test_scanner" name="test_file_ids_are_deterministic" time="0.003" /><testcase classname="tests.test_scanner" name="test_repository_id_is_deterministic" time="0.003" /><testcase classname="tests.test_scanner" name="test_line_count" time="0.002" /><testcase classname="tests.test_scanner" name="test_missing_repository_raises_error" time="0.001" /><testcase classname="tests.test_scanner" name="test_file_path_cannot_be_used_as_repository" time="0.001" /><testcase classname="tests.test_scanner" name="test_hashing_can_be_disabled" time="0.002" /><testcase classname="tests.test_scanner" name="test_scanner_ignores_egg_info_directory" time="0.002" /><testcase classname="tests.test_semantic_document" name="test_semantic_document_contains_symbol_identity" time="0.000" /><testcase classname="tests.test_semantic_document" name="test_semantic_document_contains_docstring" time="0.000" /><testcase classname="tests.test_semantic_document" name="test_semantic_document_contains_signature" time="0.000" /><testcase classname="tests.test_semantic_document" name="test_semantic_document_contains_calls" time="0.000" /><testcase classname="tests.test_semantic_document" name="test_semantic_document_contains_source" time="0.000" /><testcase classname="tests.test_semantic_document" name="test_chunk_without_symbol_uses_raw_text" time="0.000" /><testcase classname="tests.test_semantic_ranking" name="test_detects_implementation_intent" time="0.000" /><testcase classname="tests.test_semantic_ranking" name="test_detects_documentation_intent" time="0.000" /><testcase classname="tests.test_semantic_ranking" name="test_detects_general_intent" time="0.000" /><testcase classname="tests.test_semantic_ranking" name="test_classifies_test_source" time="0.000" /><testcase classname="tests.test_semantic_ranking" name="test_classifies_production_source" time="0.000" /><testcase classname="tests.test_semantic_ranking" name="test_classifies_documentation_source" time="0.000" /><testcase classname="tests.test_semantic_ranking" name="test_classifies_config_source" time="0.000" /><testcase classname="tests.test_semantic_ranking" name="test_implementation_promotes_production_method" time="0.000" /><testcase classname="tests.test_semantic_ranking" name="test_documentation_promotes_readme" time="0.000" /><testcase classname="tests.test_semantic_ranking" name="test_raw_semantic_score_is_preserved" time="0.000" /><testcase classname="tests.test_semantic_search" name="test_index_contains_chunks" time="0.000" /><testcase classname="tests.test_semantic_search" name="test_embedding_dimension" time="0.000" /><testcase classname="tests.test_semantic_search" name="test_model_name" time="0.000" /><testcase classname="tests.test_semantic_search" name="test_semantic_security_query" time="0.000" /><testcase classname="tests.test_semantic_search" name="test_semantic_hash_query" time="0.000" /><testcase classname="tests.test_semantic_search" name="test_semantic_directory_filter_query" time="0.000" /><testcase classname="tests.test_semantic_search" name="test_semantic_documentation_query" time="0.000" /><testcase classname="tests.test_semantic_search" name="test_language_filter" time="0.000" /><testcase classname="tests.test_semantic_search" name="test_python_language_filter" time="0.000" /><testcase classname="tests.test_semantic_search" name="test_top_k" time="0.001" /><testcase classname="tests.test_semantic_search" name="test_zero_top_k" time="0.000" /><testcase classname="tests.test_semantic_search" name="test_empty_query" time="0.000" /><testcase classname="tests.test_semantic_search" name="test_empty_index" time="0.000" /><testcase classname="tests.test_semantic_search" name="test_result_contains_source_location" time="0.000" /><testcase classname="tests.test_semantic_search" name="test_result_contains_excerpt" time="0.000" /><testcase classname="tests.test_semantic_search" name="test_min_score_filter" time="0.000" /><testcase classname="tests.test_semantic_search" name="test_searchable_text_uses_raw_chunk_text" time="0.000" /><testcase classname="tests.test_stateful_grounded_answering" name="test_grounded_answer_metadata_is_recorded" time="0.000" /><testcase classname="tests.test_stateful_grounded_answering" name="test_grounding_metadata_updates_history_turn" time="0.000" /><testcase classname="tests.test_stateful_grounded_answering" name="test_invalid_citations_are_recorded" time="0.000" /><testcase classname="tests.test_stateful_grounded_answering" name="test_duplicate_citations_are_deduplicated" time="0.000" /><testcase classname="tests.test_stateful_grounded_answering" name="test_answer_generator_receives_agent_result" time="0.000" /><testcase classname="tests.test_stateful_grounded_answering" name="test_followup_is_resolved_before_grounded_answering" time="0.000" /><testcase classname="tests.test_stateful_grounded_answering" name="test_answer_failure_rolls_back_state" time="0.000" /><testcase classname="tests.test_stateful_grounded_answering" name="test_clear_resets_grounding_history" time="0.000" /><testcase classname="tests.test_stateful_grounded_answering" name="test_update_grounding_without_turn_is_rejected" time="0.000" /><testcase classname="tests.test_stateful_orchestrator" name="test_plain_query_passes_to_agent_unchanged" time="0.000" /><testcase classname="tests.test_stateful_orchestrator" name="test_agent_resolved_symbol_becomes_current_focus" time="0.000" /><testcase classname="tests.test_stateful_orchestrator" name="test_followup_query_is_rewritten_before_agent" time="0.000" /><testcase classname="tests.test_stateful_orchestrator" name="test_followup_retains_focus_when_agent_has_no_new_symbol" time="0.000" /><testcase classname="tests.test_stateful_orchestrator" name="test_state_records_original_and_resolved_queries" time="0.000" /><testcase classname="tests.test_stateful_orchestrator" name="test_turn_number_increments" time="0.002" /><testcase classname="tests.test_stateful_orchestrator" name="test_unresolved_reference_never_reaches_agent" time="0.000" /><testcase classname="tests.test_stateful_orchestrator" name="test_single_caller_becomes_relationship_focus" time="0.000" /><testcase classname="tests.test_stateful_orchestrator" name="test_single_callee_becomes_relationship_focus" time="0.000" /><testcase classname="tests.test_stateful_orchestrator" name="test_zero_callers_clears_relationship_focus" time="0.000" /><testcase classname="tests.test_stateful_orchestrator" name="test_multiple_callers_do_not_create_relationship_focus" time="0.000" /><testcase classname="tests.test_stateful_orchestrator" name="test_relationship_followup_rewrites_before_agent" time="0.000" /><testcase classname="tests.test_stateful_orchestrator" name="test_relation_followup_moves_caller_to_primary_focus" time="0.000" /><testcase classname="tests.test_stateful_orchestrator" name="test_caller_followup_without_relationship_focus_is_rejected" time="0.000" /><testcase classname="tests.test_stateful_orchestrator" name="test_plain_turn_clears_stale_relationship_focus" time="0.000" /><testcase classname="tests.test_stateful_orchestrator" name="test_clear_resets_relationship_focus" time="0.000" /><testcase classname="tests.test_stateful_orchestrator" name="test_clear_resets_context_but_preserves_conversation_id" time="0.000" /><testcase classname="tests.test_stateful_orchestrator" name="test_new_conversation_changes_id" time="0.000" /><testcase classname="tests.test_stateful_orchestrator" name="test_agent_new_focus_moves_old_focus_to_previous" time="0.000" /><testcase classname="tests.test_symbol_index" name="test_index_lookup_by_id" time="0.000" /><testcase classname="tests.test_symbol_index" name="test_find_by_qualified_name" time="0.000" /><testcase classname="tests.test_symbol_index" name="test_find_unique_symbol" time="0.000" /><testcase classname="tests.test_symbol_index" name="test_duplicate_qualified_name_is_not_unique" time="0.000" /><testcase classname="tests.test_symbol_index" name="test_find_by_short_name" time="0.000" /><testcase classname="tests.test_symbol_index" name="test_find_symbols_in_module" time="0.000" /><testcase classname="tests.test_symbol_index" name="test_find_containing_class" time="0.000" /><testcase classname="tests.test_symbol_search" name="test_exact_qualified_name_ranked_first" time="0.000" /><testcase classname="tests.test_symbol_search" name="test_exact_short_name" time="0.000" /><testcase classname="tests.test_symbol_search" name="test_case_insensitive_search" time="0.000" /><testcase classname="tests.test_symbol_search" name="test_qualified_suffix_search" time="0.000" /><testcase classname="tests.test_symbol_search" name="test_partial_symbol_name" time="0.000" /><testcase classname="tests.test_symbol_search" name="test_symbol_type_filter" time="0.000" /><testcase classname="tests.test_symbol_search" name="test_module_filter" time="0.000" /><testcase classname="tests.test_symbol_search" name="test_ambiguous_short_names_preserved" time="0.000" /><testcase classname="tests.test_symbol_search" name="test_find_definition_preserves_ambiguity" time="0.000" /><testcase classname="tests.test_symbol_search" name="test_find_definition_exact_qualified" time="0.000" /><testcase classname="tests.test_symbol_search" name="test_find_exact_short_name" time="0.000" /><testcase classname="tests.test_symbol_search" name="test_find_exact_qualified_name" time="0.000" /><testcase classname="tests.test_symbol_search" name="test_empty_query_returns_no_results" time="0.000" /><testcase classname="tests.test_symbol_search" name="test_top_k_limit" time="0.000" /><testcase classname="tests.test_symbol_search" name="test_unknown_symbol_returns_empty" time="0.000" /></testsuite></testsuites>